This is a test file for the module integer_validator

Firstly import the module
>>> BaseGeometry = __import__('7-base_geometry').BaseGeometry
>>> bg = BaseGeometry()
>>> bg.integer_validator("my_int", 12)
>>> bg.integer_validator("width", 89)
>>> bg.integer_validator("my_int", "string")
Traceback (most recent call last):
...
TypeError: my_int must be an integer

>>> bg.integer_validator("width", None)
Traceback (most recent call last):
...
TypeError: width must be an integer

>>> bg.integer_validator("my_int", [1, 2])
Traceback (most recent call last):
...
TypeError: my_int must be an integer

>>> bg.integer_validator("width", (1, 2))
Traceback (most recent call last):
...
TypeError: width must be an integer

>>> bg.integer_validator("my_int", 3.4)
Traceback (most recent call last):
...
TypeError: my_int must be an integer

>>> bg.integer_validator("my_int", -2)
Traceback (most recent call last):
...
ValueError: my_int must be greater than 0
