Testfile for the ``matrix_divided`` module
=============================

To use the ``matrix_divided`` module, first import it

============================

>>> matrix_divided = __import__('2-matrix_divided').matrix_divided

>>> matrix = [[1, 2, 3], [4, 5, 6]]
>>> matrix_divided(matrix, 3)
[[0.33, 0.67, 1.0], [1.33, 1.67, 2.0]]

negative number
>>> matrix_divided(matrix, -3)
[[-0.33, -0.67, -1.0], [-1.33, -1.67, -2.0]]

matrix not a list of list
>>> matrix_divided([1, 2, 3], 3)
Traceback (most recent call last):
...
TypeError: matrix must be a matrix (list of lists) of integers/floats

>>> matrix_divided([], 3)
Traceback (most recent call last):
...
TypeError: matrix must be a matrix (list of lists) of integers/floats

>>> matrix_divided([[1, 2, 3], [4, 5]], 3)
Traceback (most recent call last):
...
TypeError: Each row of the matrix must have the same size

>>> matrix_divided([[1, 2, 3], []], 2)
Traceback (most recent call last):
...
TypeError: Each row of the matrix must have the same size

>>> matrix_divided(matrix, "School")
Traceback (most recent call last):
...
TypeError: div must be a number

>>> matrix_divided(matrix, None)
Traceback (most recent call last):
...
TypeError: div must be a number

>>> matrix_divided(matrix, float('inf'))
Traceback (most recent call last):
...
TypeError: div must be a number

>>> matrix_divided(matrix, [1, 2])
Traceback (most recent call last):
...
TypeError: div must be a number

>>> matrix_divided(matrix, 0)
Traceback (most recent call last):
...
ZeroDivisionError: division by zero

>>> matrix = [[3, 6, 9], [12, 15, 18]]

>>> matrix_divided(matrix, 3)
[[1.0, 2.0, 3.0], [4.0, 5.0, 6.0]]

>>> matrix = [[1, 2, 3], [4, 5, 6]]
>>> matrix_divided(matrix, 3)
[[0.33, 0.67, 1.0], [1.33, 1.67, 2.0]]

>>> matrix = [[1.1, -2.2, 3.3], [4.4, 5.5, -6.6]]
>>> print(matrix_divided(matrix, 3))
[[0.37, -0.73, 1.1], [1.47, 1.83, -2.2]]

Integers and floats can be combined.

::

>>> matrix = [[1, -2.2, 3, 4.4, 5], [-6.6, 7.00, 8, 9.999, 10]]
>>> print(matrix_divided(matrix, 3))
[[0.33, -0.73, 1.0, 1.47, 1.67], [-2.2, 2.33, 2.67, 3.33, 3.33]]

Invalid Matrices
==============

The parameter ``matrix`` must be a list of lists consisting of either ints or
floats. If ``matrix`` is not a list, a TypeError is raised.

::

>>> matrix = "not a list"
>>> print(matrix_divided(matrix, 3))
Traceback (most recent call last):
TypeError: matrix must be a matrix (list of lists) of integers/floats

::

>>> matrix = None
>>> print(matrix_divided(matrix, 3))
Traceback (most recent call last):
TypeError: matrix must be a matrix (list of lists) of integers/floats
