The test file for ``say_my_name`` module
________________________________________

To use this module, first import it
>>> say_my_name = __import__('3-say_my_name').say_my_name

>>> say_my_name("John", "Smith")
My name is John Smith
>>> say_my_name("Walter", "White")
My name is Walter White
>>> say_my_name("Bob")
My name is Bob 
>>> say_my_name(12, "White")
Traceback (most recent call last):
...
TypeError: first_name must be a string

>>> say_my_name("David", 10)
Traceback (most recent call last):
...
TypeError: last_name must be a string

>>> say_my_name("David", None)
Traceback (most recent call last):
...
TypeError: last_name must be a string

>>> say_my_name(None, 1)
Traceback (most recent call last):
...
TypeError: first_name must be a string

>>> say_my_name([1, 2], "David")
Traceback (most recent call last):
...
TypeError: first_name must be a string

>>> say_my_name((1, 2), "David")
Traceback (most recent call last):
...
TypeError: first_name must be a string
>>> say_my_name(10.7, "David")
Traceback (most recent call last):
...
TypeError: first_name must be a string
>>> say_my_name("David", [])
Traceback (most recent call last):
...
TypeError: last_name must be a string

>>> say_my_name("David", ())
Traceback (most recent call last):
...
TypeError: last_name must be a string
>>> say_my_name("David", 10.7)
Traceback (most recent call last):
...
TypeError: last_name must be a string

>>> say_my_name("", "Idowu")
My name is  Idowu

>>> say_my_name("", "")
My name is  
